    Checking libc v0.2.186
    Checking serde v1.0.228
    Checking rustix v1.0.7
    Checking getrandom v0.2.15
    Checking rand_core v0.6.4
    Checking getrandom v0.3.2
    Checking zerofrom v0.1.6
    Checking futures-sink v0.3.31
    Checking futures-channel v0.3.31
    Checking yoke v0.8.2
    Checking futures-io v0.3.31
    Checking serde_json v1.0.140
    Checking futures-util v0.3.31
    Checking regex-automata v0.4.13
    Checking crypto-common v0.1.6
    Checking foldhash v0.2.0
   Compiling equivalent v1.0.2
   Compiling indexmap v2.11.1
    Checking zerovec v0.11.6
    Checking crossbeam-epoch v0.9.20
    Checking anstyle v1.0.10
    Checking crossbeam-deque v0.8.6
    Checking rayon-core v1.12.1
    Checking tinystr v0.8.3
    Checking regex v1.12.2
   Compiling darling_core v0.20.11
    Checking icu_locale_core v2.2.0
    Checking uuid v1.17.0
    Checking bytemuck v1.23.1
    Checking rayon v1.10.0
    Checking potential_utf v0.1.5
    Checking zstd-sys v2.0.16+zstd.1.5.7
    Checking zerotrie v0.2.4
    Checking terminal_size v0.4.2
    Checking clap_lex v0.7.4
    Checking icu_collections v2.2.0
    Checking clap_builder v4.5.47
    Checking tantivy-common v0.11.0
    Checking icu_provider v2.2.0
    Checking zstd-safe v7.2.4
   Compiling darling_macro v0.20.11
    Checking memmap2 v0.9.11
   Compiling link-cplusplus v1.0.12
    Checking universal-hash v0.5.1
    Checking thiserror v2.0.16
    Checking tracing v0.1.41
   Compiling darling v0.20.11
    Checking cipher v0.4.4
    Checking clap v4.5.47
    Checking zstd v0.13.3
    Checking hashbrown v0.17.1
    Checking futures-executor v0.3.31
    Checking rand_core v0.9.3
    Checking approx v0.5.1
    Checking half v2.5.0
    Checking ciborium-io v0.2.2
    Checking plotters-backend v0.3.7
    Checking ciborium-ll v0.2.2
    Checking tempfile v3.20.0
    Checking plotters-svg v0.3.7
    Checking tantivy-stacker v0.7.0
    Checking polyval v0.6.2
   Compiling cxx v1.0.202
    Checking statrs v0.18.0
    Checking rand_chacha v0.9.0
    Checking tantivy-sstable v0.7.0
    Checking futures v0.3.31
   Compiling bon-macros v3.8.2
    Checking nix v0.31.3
    Checking parking_lot_core v0.9.11
    Checking anyhow v1.0.98
    Checking hashbrown v0.16.1
    Checking colored v2.2.0
    Checking matchers v0.2.0
    Checking itertools v0.10.5
    Checking is-terminal v0.4.16
   Compiling rquickjs-sys v0.13.0
   Compiling turso_macros v0.7.2 (/tmp/fastdb-cancel-poison-review/macros)
   Compiling turso_ext v0.7.2 (/tmp/fastdb-cancel-poison-review/extensions/core)
    Checking glob v0.3.2
    Checking same-file v1.0.6
    Checking cast v0.3.0
    Checking miette v7.6.0
    Checking icu_normalizer v2.2.0
    Checking tantivy-columnar v0.7.0
    Checking criterion-plot v0.5.0
    Checking walkdir v2.5.0
    Checking codspeed v4.6.0
    Checking typetag v0.2.21
    Checking tantivy-query-grammar v0.26.0
    Checking tracing-subscriber v0.3.20
    Checking bon v3.8.2
    Checking lru v0.16.4
    Checking parking_lot v0.12.4
   Compiling cxx-build v1.0.202
    Checking icu_locale v2.2.0
   Compiling psm v0.1.29
    Checking rand v0.9.4
    Checking ghash v0.5.1
    Checking getrandom v0.4.2
    Checking strum v0.26.3
    Checking plotters v0.3.7
    Checking ciborium v0.2.2
    Checking aes v0.8.4
    Checking ctr v0.9.2
    Checking icu_properties v2.2.0
   Compiling turso_core v0.7.2 (/tmp/fastdb-cancel-poison-review/core)
    Checking aead v0.5.2
    Checking tinytemplate v1.2.1
    Checking fs4 v0.13.1
    Checking rust-stemmers v1.2.0
    Checking tantivy-tokenizer-api v0.7.0
    Checking sketches-ddsketch v0.4.0
   Compiling regex-syntax v0.8.5
    Checking utf8parse v0.2.2
    Checking oorandom v11.1.5
    Checking anes v0.1.6
    Checking tantivy v0.26.1
    Checking aegis v0.9.8
   Compiling toml_edit v0.23.5
    Checking fastbloom v0.14.1
    Checking anstyle-parse v0.2.6
    Checking aristo v0.4.0
    Checking aes-gcm v0.10.3
    Checking icu_collator v2.2.0
    Checking turso_parser v0.7.2 (/tmp/fastdb-cancel-poison-review/sqlite/parser)
    Checking twox-hash v2.1.1
   Compiling usearch v2.26.2
    Checking simsimd v6.5.3
    Checking polling v3.7.4
   Compiling cxxbridge-macro v1.0.202
    Checking roaring v0.11.2
    Checking pack1 v1.0.0
    Checking debugid v0.8.0
    Checking block-buffer v0.10.4
   Compiling stacker v0.1.22
   Compiling divan-macros v0.1.17
   Compiling equator-macro v0.4.2
    Checking colorchoice v1.0.3
    Checking gimli v0.31.1
    Checking anstyle-query v1.1.2
    Checking adler2 v2.0.0
    Checking rustc-demangle v0.1.24
    Checking is_terminal_polyfill v1.70.1
    Checking hashbrown v0.15.2
    Checking arrayvec v0.7.6
    Checking zerocopy v0.7.35
    Checking ahash v0.8.11
    Checking num-format v0.4.4
    Checking addr2line v0.24.2
    Checking anstream v0.6.18
    Checking miniz_oxide v0.8.5
    Checking equator v0.4.2
    Checking digest v0.10.7
    Checking symbolic-common v12.14.1
    Checking cpp_demangle v0.4.4
    Checking rquickjs-core v0.13.0
    Checking object v0.36.7
   Compiling proc-macro-crate v3.4.0
    Checking rgb v0.8.50
    Checking env_filter v0.1.3
    Checking quick-xml v0.26.0
   Compiling thiserror-impl v1.0.69
    Checking condtype v1.3.0
    Checking bitflags v1.3.2
    Checking float_eq v1.0.1
    Checking regex-lite v0.1.8
    Checking h3o-bit v0.1.2
    Checking str_stack v0.1.0
   Compiling cfg-if v1.0.0
   Compiling rstest_macros v0.18.2
    Checking inferno v0.11.21
    Checking h3o v0.9.4
    Checking codspeed-divan-compat-walltime v4.6.0
    Checking nix v0.26.4
    Checking thiserror v1.0.69
    Checking env_logger v0.11.7
   Compiling codspeed-divan-compat-macros v4.6.0
    Checking backtrace v0.3.74
    Checking libsqlite3-sys v0.38.2
    Checking rquickjs v0.13.0
    Checking symbolic-demangle v12.14.1
    Checking sha2 v0.10.9
    Checking libmimalloc-sys v0.1.43
    Checking findshlibs v0.10.2
    Checking aligned-vec v0.6.4
   Compiling syn v1.0.109
    Checking codspeed-criterion-compat-walltime v4.6.0
    Checking criterion v0.5.1
    Checking hashlink v0.12.2
    Checking fastql-parser v2.1.0 (/tmp/fastdb-cancel-poison-review/fastdb/parser)
    Checking rand v0.8.6
   Compiling test-log-macros v0.2.17
    Checking futures-timer v3.0.3
    Checking fallible-streaming-iterator v0.1.9
    Checking rusqlite v0.40.2
    Checking rstest v0.18.2
    Checking test-log v0.2.17
    Checking quickcheck v1.0.3
    Checking pprof v0.14.0
    Checking codspeed-criterion-compat v4.6.0
   Compiling quickcheck_macros v1.0.0
    Checking mimalloc v0.1.47
    Checking codspeed-divan-compat v4.6.0
    Checking memory-stats v1.2.0
    Checking sorted-vec v0.8.6
    Checking fastdb v2.1.0 (/tmp/fastdb-cancel-poison-review/fastdb/frontend)
    Finished `dev` profile [unoptimized + debuginfo] target(s) in 3m 42s
