$ node -e "require('./fastdb.node')"
AggregateError: Cancelled native writes must preserve committable caller work
    at /tmp/fastdb-package-8ldLu3/consumer/smoke.cjs:63:11
    at process.processTicksAndRejections (node:internal/process/task_queues:95:5) {
  [errors]: [
    Error: COMMIT after a cancelled native write: engine: Transaction error: cannot commit - an unfinished write statement was abandoned
        at /tmp/fastdb-package-8ldLu3/consumer/smoke.cjs:52:33 {
      [cause]: [Error]
    },
    Error: RELEASE caller after a cancelled native write: engine: Transaction error: cannot commit - an unfinished write statement was abandoned
        at /tmp/fastdb-package-8ldLu3/consumer/smoke.cjs:52:33 {
      [cause]: [Error]
    }
  ]
}
node:child_process:929
    throw err;
    ^

Error: Command failed: /tmp/fastdb-v2-node-runtimes/node-v22.0.0-linux-x64/bin/node smoke.cjs
AggregateError: Cancelled native writes must preserve committable caller work
    at /tmp/fastdb-package-8ldLu3/consumer/smoke.cjs:63:11
    at process.processTicksAndRejections (node:internal/process/task_queues:95:5) {
  [errors]: [
    Error: COMMIT after a cancelled native write: engine: Transaction error: cannot commit - an unfinished write statement was abandoned
        at /tmp/fastdb-package-8ldLu3/consumer/smoke.cjs:52:33 {
      [cause]: [Error]
    },
    Error: RELEASE caller after a cancelled native write: engine: Transaction error: cannot commit - an unfinished write statement was abandoned
        at /tmp/fastdb-package-8ldLu3/consumer/smoke.cjs:52:33 {
      [cause]: [Error]
    }
  ]
}

    at genericNodeError (node:internal/errors:984:15)
    at wrappedFn (node:internal/errors:538:14)
    at checkExecSyncError (node:child_process:890:11)
    at execFileSync (node:child_process:926:15)
    at run (/home/tan/Sites/fastdb/turso/fastdb/scripts/check-node-package.cjs:13:37)
    at Object.<anonymous> (/home/tan/Sites/fastdb/turso/fastdb/scripts/check-node-package.cjs:835:3)
    at Module._compile (node:internal/modules/cjs/loader:1455:14)
    at Module._extensions..js (node:internal/modules/cjs/loader:1534:10)
    at Module.load (node:internal/modules/cjs/loader:1265:32)
    at Module._load (node:internal/modules/cjs/loader:1081:12) {
  status: 1,
  signal: null,
  output: [
    null,
    '',
    'AggregateError: Cancelled native writes must preserve committable caller work\n' +
      '    at /tmp/fastdb-package-8ldLu3/consumer/smoke.cjs:63:11\n' +
      '    at process.processTicksAndRejections (node:internal/process/task_queues:95:5) {\n' +
      '  [errors]: [\n' +
      '    Error: COMMIT after a cancelled native write: engine: Transaction error: cannot commit - an unfinished write statement was abandoned\n' +
      '        at /tmp/fastdb-package-8ldLu3/consumer/smoke.cjs:52:33 {\n' +
      '      [cause]: [Error]\n' +
      '    },\n' +
      '    Error: RELEASE caller after a cancelled native write: engine: Transaction error: cannot commit - an unfinished write statement was abandoned\n' +
      '        at /tmp/fastdb-package-8ldLu3/consumer/smoke.cjs:52:33 {\n' +
      '      [cause]: [Error]\n' +
      '    }\n' +
      '  ]\n' +
      '}\n'
  ],
  pid: 2553950,
  stdout: '',
  stderr: 'AggregateError: Cancelled native writes must preserve committable caller work\n' +
    '    at /tmp/fastdb-package-8ldLu3/consumer/smoke.cjs:63:11\n' +
    '    at process.processTicksAndRejections (node:internal/process/task_queues:95:5) {\n' +
    '  [errors]: [\n' +
    '    Error: COMMIT after a cancelled native write: engine: Transaction error: cannot commit - an unfinished write statement was abandoned\n' +
    '        at /tmp/fastdb-package-8ldLu3/consumer/smoke.cjs:52:33 {\n' +
    '      [cause]: [Error]\n' +
    '    },\n' +
    '    Error: RELEASE caller after a cancelled native write: engine: Transaction error: cannot commit - an unfinished write statement was abandoned\n' +
    '        at /tmp/fastdb-package-8ldLu3/consumer/smoke.cjs:52:33 {\n' +
    '      [cause]: [Error]\n' +
    '    }\n' +
    '  ]\n' +
    '}\n'
}

Node.js v22.0.0
