1.674s seed begin
3.685s seed 500/5000
5.475s seed 1000/5000
7.414s seed 1500/5000
9.642s seed 2000/5000
11.824s seed 2500/5000
13.918s seed 3000/5000
16.106s seed 3500/5000
18.069s seed 4000/5000
19.848s seed 4500/5000
21.947s seed 5000/5000
21.947s FTS build begin
28.139s FTS build complete
43.997s correctness/reopen passed
{
  "scope": "Bounded FTS build correctness discovery on debug artifact, not final release performance qualification",
  "productionEvidence": false,
  "rows": 5000,
  "dimensions": 128,
  "node": "v24.19.0",
  "addonSha256": "12641035467147f8766eec9b27da35565e1cb7152fcd35a1cd7078696d54e353",
  "seedMs": 20272.333900999998,
  "ftsBuildMs": 6191.426267999999,
  "correctness": "passed"
}
